../Core/Src/main.c:96:5:main	8	static
../Core/Src/main.c:184:6:SystemClock_Config	120	static
../Core/Src/main.c:243:13:MX_TIM4_Init	48	static
../Core/Src/main.c:304:13:MX_TIM5_Init	48	static
../Core/Src/main.c:365:13:MX_TIM8_Init	104	static
../Core/Src/main.c:447:13:MX_TIM15_Init	104	static
../Core/Src/main.c:517:13:MX_TIM23_Init	48	static
../Core/Src/main.c:578:13:MX_USART1_UART_Init	8	static
../Core/Src/main.c:624:13:MX_DMA_Init	16	static
../Core/Src/main.c:645:13:MX_GPIO_Init	56	static
../Core/Src/main.c:731:13:StartDefaultTask	16	static
../Core/Src/main.c:750:6:HAL_TIM_PeriodElapsedCallback	16	static
../Core/Src/main.c:768:6:Error_Handler	4	static,ignoring_inline_asm
